{"ts":"2026-07-22T06:34:24.241Z","scope":"runApp","event":"start","argv":[]}
{"ts":"2026-07-22T06:34:24.242Z","scope":"runApp","event":"ensureAgentDirEnv:done","durationMs":0.047}
{"ts":"2026-07-22T06:34:24.243Z","scope":"runApp","event":"ensureEmbeddedPackageDirEnv:done","durationMs":0.028}
{"ts":"2026-07-22T06:34:24.243Z","scope":"runApp","event":"ensureAnnotationsDaemonStarted:done","durationMs":0.1}
{"ts":"2026-07-22T06:34:24.243Z","scope":"runApp","event":"applyNexusConfigPatch:done","durationMs":0.349}
{"ts":"2026-07-22T06:34:24.243Z","scope":"runApp","event":"applyStartupUpdateSilencePatch:done","durationMs":0.023}
{"ts":"2026-07-22T06:34:24.243Z","scope":"runApp","event":"applyStartupChangelogSilencePatch:done","durationMs":0.013}
{"ts":"2026-07-22T06:34:24.243Z","scope":"runApp","event":"applyStartupHelpSilencePatch:done","durationMs":0.169}
{"ts":"2026-07-22T06:34:24.243Z","scope":"runApp","event":"applyModelKeybindingsPatch:done","durationMs":0.011}
{"ts":"2026-07-22T06:34:24.244Z","scope":"runApp","event":"applyPromptTemplateArgAppendPatch:done","durationMs":0.082}
{"ts":"2026-07-22T06:34:24.244Z","scope":"runApp","event":"applyModelChangeDisplayPatch:done","durationMs":0.014}
{"ts":"2026-07-22T06:34:24.244Z","scope":"runApp","event":"applyHotkeysCommandPatch:done","durationMs":0.011}
{"ts":"2026-07-22T06:34:24.244Z","scope":"runApp","event":"applyNexusSystemPromptPatch:done","durationMs":0.068}
{"ts":"2026-07-22T06:34:24.244Z","scope":"runApp","event":"applyToolExecutionSpacingPatch:done","durationMs":0.015}
{"ts":"2026-07-22T06:34:24.244Z","scope":"runApp","event":"applyToolGroupCollapsePatch:done","durationMs":0.017}
{"ts":"2026-07-22T06:34:24.244Z","scope":"runApp","event":"applyCompactModeImagePatch:done","durationMs":0.012}
{"ts":"2026-07-22T06:34:24.244Z","scope":"runApp","event":"applyInlineImageOverlayPatch:done","durationMs":0.022}
{"ts":"2026-07-22T06:34:24.244Z","scope":"runApp","event":"applyWorkingLoaderElapsedPatch:done","durationMs":0.013}
{"ts":"2026-07-22T06:34:24.245Z","scope":"runApp","event":"pruneLoggedOutEnabledModels:done","durationMs":1.264}
{"ts":"2026-07-22T06:34:24.245Z","scope":"runApp","event":"createAppArgs:done","durationMs":0.098}
{"ts":"2026-07-22T06:34:24.551Z","scope":"extensions","event":"importBundledExtensions:done","durationMs":306.09}
{"ts":"2026-07-22T06:34:24.552Z","scope":"runApp","event":"resolveBundledExtensionFactories:done","durationMs":306.262}
{"ts":"2026-07-22T06:34:24.552Z","scope":"runApp","event":"prepareArgsAndExtensions:done"}
{"ts":"2026-07-22T06:34:24.552Z","scope":"runApp","event":"importPiMain:done","durationMs":0.119}
{"ts":"2026-07-22T06:34:24.585Z","scope":"ai-providers","event":"register:start"}
{"ts":"2026-07-22T06:34:24.586Z","scope":"auto-update","event":"register:start"}
{"ts":"2026-07-22T06:34:24.586Z","scope":"auto-update","event":"register:done","durationMs":0.065}
{"ts":"2026-07-22T06:34:24.586Z","scope":"context-usage","event":"register:start"}
{"ts":"2026-07-22T06:34:24.586Z","scope":"context-usage","event":"register:done","durationMs":0.173}
{"ts":"2026-07-22T06:34:24.586Z","scope":"exit-message","event":"register:start"}
{"ts":"2026-07-22T06:34:24.586Z","scope":"exit-message","event":"register:done","durationMs":0.044}
{"ts":"2026-07-22T06:34:24.586Z","scope":"pi-packages","event":"register:start"}
{"ts":"2026-07-22T06:34:24.586Z","scope":"pi-packages","event":"register:done","durationMs":0.065}
{"ts":"2026-07-22T06:34:24.586Z","scope":"webtools","event":"register:start"}
{"ts":"2026-07-22T06:34:24.587Z","scope":"webtools","event":"register:done","durationMs":0.303}
{"ts":"2026-07-22T06:34:24.587Z","scope":"fff","event":"register:start"}
{"ts":"2026-07-22T06:34:24.587Z","scope":"fff","event":"register:done","durationMs":0.223}
{"ts":"2026-07-22T06:34:24.587Z","scope":"neo-editor","event":"register:start"}
{"ts":"2026-07-22T06:34:24.587Z","scope":"neo-editor","event":"init"}
{"ts":"2026-07-22T06:34:24.587Z","scope":"promptline-status-widget","event":"init"}
{"ts":"2026-07-22T06:34:24.587Z","scope":"neo-editor","event":"register:done","durationMs":0.149}
{"ts":"2026-07-22T06:34:24.587Z","scope":"hotkeys","event":"register:start"}
{"ts":"2026-07-22T06:34:24.587Z","scope":"hotkeys","event":"register:done","durationMs":0.054}
{"ts":"2026-07-22T06:34:24.587Z","scope":"slash-menu","event":"register:start"}
{"ts":"2026-07-22T06:34:24.587Z","scope":"slash-menu","event":"register:done","durationMs":0.079}
{"ts":"2026-07-22T06:34:24.587Z","scope":"notify","event":"register:start"}
{"ts":"2026-07-22T06:34:24.587Z","scope":"notify","event":"register:done","durationMs":0.036}
{"ts":"2026-07-22T06:34:24.587Z","scope":"observations","event":"register:start"}
{"ts":"2026-07-22T06:34:24.587Z","scope":"observations","event":"init"}
{"ts":"2026-07-22T06:34:24.588Z","scope":"observations-command","event":"init"}
{"ts":"2026-07-22T06:34:24.588Z","scope":"observations","event":"register:done","durationMs":0.185}
{"ts":"2026-07-22T06:34:24.588Z","scope":"system-prompt","event":"register:start"}
{"ts":"2026-07-22T06:34:24.588Z","scope":"system-prompt","event":"register:done","durationMs":0.073}
{"ts":"2026-07-22T06:34:24.588Z","scope":"rtk","event":"register:start"}
{"ts":"2026-07-22T06:34:24.588Z","scope":"rtk","event":"register:done","durationMs":0.171}
{"ts":"2026-07-22T06:34:24.588Z","scope":"startup-hero","event":"register:start"}
{"ts":"2026-07-22T06:34:24.588Z","scope":"startup-hero","event":"register:done","durationMs":0.044}
{"ts":"2026-07-22T06:34:24.588Z","scope":"tetris","event":"register:start"}
{"ts":"2026-07-22T06:34:24.588Z","scope":"tetris","event":"register:done","durationMs":0.042}
{"ts":"2026-07-22T06:34:24.588Z","scope":"tron","event":"register:start"}
{"ts":"2026-07-22T06:34:24.588Z","scope":"user-message-input-style","event":"init"}
{"ts":"2026-07-22T06:34:24.588Z","scope":"skill-invocation-style","event":"init"}
{"ts":"2026-07-22T06:34:24.588Z","scope":"compact-tool-lines","event":"init"}
{"ts":"2026-07-22T06:34:24.588Z","scope":"compact-tool-lines","event":"tools_registered_for_extension_instance"}
{"ts":"2026-07-22T06:34:24.589Z","scope":"last-tool-calls-modal","event":"init"}
{"ts":"2026-07-22T06:34:24.589Z","scope":"tron","event":"register:done","durationMs":0.517}
{"ts":"2026-07-22T06:34:24.589Z","scope":"local-image-reader","event":"register:start"}
{"ts":"2026-07-22T06:34:24.589Z","scope":"local-image-reader","event":"register:done","durationMs":0.107}
{"ts":"2026-07-22T06:34:24.589Z","scope":"mini-app-manager","event":"register:start"}
{"ts":"2026-07-22T06:34:24.589Z","scope":"mini-app-manager","event":"register:done","durationMs":0.038}
{"ts":"2026-07-22T06:34:24.819Z","scope":"ai-providers","event":"register:done","durationMs":233.942}
